\BOOKMARK [0][-]{section*.3}{\376\377\000A\000b\000s\000t\000r\000a\000c\000t}{}% 1
\BOOKMARK [0][-]{Contents.0}{\376\377\000C\000o\000n\000t\000e\000n\000t\000s}{}% 2
\BOOKMARK [0][-]{section*.6}{\376\377\000L\000i\000s\000t\000\040\000o\000f\000\040\000F\000i\000g\000u\000r\000e\000s}{}% 3
\BOOKMARK [0][-]{section*.8}{\376\377\000L\000i\000s\000t\000\040\000o\000f\000\040\000T\000a\000b\000l\000e\000s}{}% 4
\BOOKMARK [0][-]{chapter*.9}{\376\377\000I\000n\000t\000r\000o\000d\000u\000c\000t\000i\000o\000n}{}% 5
\BOOKMARK [1][-]{section*.10}{\376\377\000I\000n\000t\000r\000o\000d\000u\000c\000t\000i\000o\000n}{chapter*.9}% 6
\BOOKMARK [1][-]{section*.11}{\376\377\000S\000t\000a\000t\000u\000s\000\040\000o\000f\000\040\000R\000e\000s\000e\000a\000r\000c\000h}{chapter*.9}% 7
\BOOKMARK [1][-]{section*.12}{\376\377\000S\000c\000i\000e\000n\000t\000i\000f\000i\000c\000\040\000Q\000u\000e\000s\000t\000i\000o\000n\000s}{chapter*.9}% 8
\BOOKMARK [0][-]{chapter*.13}{\376\377\000T\000h\000e\000o\000r\000e\000t\000i\000c\000a\000l\000\040\000a\000n\000d\000\040\000T\000e\000c\000h\000n\000i\000c\000a\000l\000\040\000B\000a\000c\000k\000g\000r\000o\000u\000n\000d}{}% 9
\BOOKMARK [1][-]{section*.14}{\376\377\000S\000e\000m\000i\000c\000o\000n\000d\000u\000c\000t\000o\000r\000\040\000P\000h\000y\000s\000i\000c\000s\000\040\000i\000n\000\040\000E\000q\000u\000i\000l\000i\000b\000r\000i\000u\000m}{chapter*.13}% 10
\BOOKMARK [2][-]{subsection*.15}{\376\377\000E\000n\000e\000r\000g\000y\000\040\000B\000a\000n\000d\000s\000\040\000a\000n\000d\000\040\000C\000l\000a\000s\000s\000i\000f\000i\000c\000a\000t\000i\000o\000n\000\040\000o\000f\000\040\000M\000a\000t\000e\000r\000i\000a\000l\000s}{section*.14}% 11
\BOOKMARK [2][-]{subsection*.20}{\376\377\000S\000t\000a\000t\000i\000s\000t\000i\000c\000s\000\040\000a\000n\000d\000\040\000T\000r\000a\000n\000s\000p\000o\000r\000t\000\040\000P\000h\000e\000n\000o\000m\000e\000n\000a\000\040\000o\000f\000\040\000C\000h\000a\000r\000g\000e\000\040\000C\000a\000r\000r\000i\000e\000r\000s}{section*.14}% 12
\BOOKMARK [2][-]{subsection*.38}{\376\377\000M\000e\000t\000a\000l\000-\000S\000e\000m\000i\000c\000o\000n\000d\000u\000c\000t\000o\000r\000\040\000C\000o\000n\000t\000a\000c\000t\000s}{section*.14}% 13
\BOOKMARK [2][-]{subsection*.43}{\376\377\000M\000e\000t\000a\000l\000-\000I\000n\000s\000u\000l\000a\000t\000o\000r\000-\000S\000e\000m\000i\000c\000o\000n\000d\000u\000c\000t\000o\000r\000\040\000C\000a\000p\000a\000c\000i\000t\000o\000r}{section*.14}% 14
\BOOKMARK [1][-]{section*.46}{\376\377\000O\000r\000g\000a\000n\000i\000c\000\040\000S\000e\000m\000i\000c\000o\000n\000d\000u\000c\000t\000o\000r\000s}{chapter*.13}% 15
\BOOKMARK [2][-]{subsection*.48}{\376\377\000M\000o\000l\000e\000c\000u\000l\000a\000r\000\040\000S\000t\000r\000u\000c\000t\000u\000r\000e\000\040\000a\000n\000d\000\040\000E\000l\000e\000c\000t\000r\000o\000n\000i\000c\000\040\000S\000t\000a\000t\000e\000s}{section*.46}% 16
\BOOKMARK [2][-]{subsection*.51}{\376\377\000E\000n\000e\000r\000g\000e\000t\000i\000c\000\040\000D\000i\000s\000o\000r\000d\000e\000r\000\040\000a\000n\000d\000\040\000T\000r\000a\000p\000\040\000S\000t\000a\000t\000e\000s}{section*.46}% 17
\BOOKMARK [2][-]{subsection*.55}{\376\377\000D\000i\000s\000t\000r\000i\000b\000u\000t\000i\000o\000n\000\040\000o\000f\000\040\000C\000h\000a\000r\000g\000e\000\040\000C\000a\000r\000r\000i\000e\000r\000s}{section*.46}% 18
\BOOKMARK [2][-]{subsection*.60}{\376\377\000T\000r\000a\000n\000s\000p\000o\000r\000t\000\040\000M\000e\000c\000h\000a\000n\000i\000s\000m\000s\000\040\000o\000f\000\040\000C\000h\000a\000r\000g\000e\000\040\000C\000a\000r\000r\000i\000e\000r\000s}{section*.46}% 19
\BOOKMARK [1][-]{section*.65}{\376\377\000F\000i\000e\000l\000d\000-\000E\000f\000f\000e\000c\000t\000\040\000T\000r\000a\000n\000s\000i\000s\000t\000o\000r\000s}{chapter*.13}% 20
\BOOKMARK [2][-]{subsection*.66}{\376\377\000O\000p\000e\000r\000a\000t\000i\000o\000n\000\040\000o\000f\000\040\000F\000i\000e\000l\000d\000-\000E\000f\000f\000e\000c\000t\000\040\000T\000r\000a\000n\000s\000i\000s\000t\000o\000r\000s}{section*.65}% 21
\BOOKMARK [2][-]{subsection*.70}{\376\377\000C\000u\000r\000r\000e\000n\000t\040\023\000V\000o\000l\000t\000a\000g\000e\000\040\000R\000e\000l\000a\000t\000i\000o\000n\000s\000h\000i\000p}{section*.65}% 22
\BOOKMARK [2][-]{subsection*.80}{\376\377\000S\000m\000a\000l\000l\000-\000S\000i\000g\000n\000a\000l\000\040\000A\000m\000p\000l\000i\000f\000i\000c\000a\000t\000i\000o\000n\000\040\000P\000r\000o\000p\000e\000r\000t\000i\000e\000s}{section*.65}% 23
\BOOKMARK [1][-]{section*.92}{\376\377\000C\000o\000n\000t\000a\000c\000t\000-\000I\000n\000d\000e\000p\000e\000n\000d\000e\000n\000t\000\040\000G\000a\000t\000e\000d\000\040\000v\000a\000n\000\040\000d\000e\000r\000\040\000P\000a\000u\000w\000\040\000M\000e\000t\000h\000o\000d}{chapter*.13}% 24
\BOOKMARK [2][-]{subsection*.93}{\376\377\000C\000l\000a\000s\000s\000i\000c\000a\000l\000\040\000v\000a\000n\000\040\000d\000e\000r\000\040\000P\000a\000u\000w\000\040\000M\000e\000t\000h\000o\000d}{section*.92}% 25
\BOOKMARK [2][-]{subsection*.98}{\376\377\000C\000u\000r\000r\000e\000n\000t\000-\000D\000r\000i\000v\000e\000n\000\040\000G\000a\000t\000e\000d\000\040\000V\000a\000n\000-\000d\000e\000r\000-\000P\000a\000u\000w\000\040\000G\000e\000o\000m\000e\000t\000r\000y}{section*.92}% 26
\BOOKMARK [2][-]{subsection*.102}{\376\377\000G\000a\000t\000e\000-\000I\000n\000d\000u\000c\000e\000d\000\040\000S\000h\000e\000e\000t\000\040\000D\000e\000n\000s\000i\000t\000y\000\040\000a\000n\000d\000\040\000M\000o\000b\000i\000l\000i\000t\000y\000\040\000E\000x\000t\000r\000a\000c\000t\000i\000o\000n}{section*.92}% 27
\BOOKMARK [2][-]{subsection*.110}{\376\377\000O\000p\000e\000r\000a\000t\000i\000n\000g\000\040\000R\000e\000g\000i\000m\000e\000s\000\040\000a\000n\000d\000\040\000M\000e\000a\000s\000u\000r\000e\000m\000e\000n\000t\000\040\000V\000a\000l\000i\000d\000i\000t\000y}{section*.92}% 28
\BOOKMARK [2][-]{subsection*.111}{\376\377\000M\000e\000a\000n\000i\000n\000g\000\040\000a\000n\000d\000\040\000L\000i\000m\000i\000t\000a\000t\000i\000o\000n\000s\000\040\000o\000f\000\040\000C\000o\000n\000t\000a\000c\000t\000\040\000I\000n\000d\000e\000p\000e\000n\000d\000e\000n\000c\000e}{section*.92}% 29
\BOOKMARK [0][-]{chapter*.112}{\376\377\000D\000e\000v\000i\000c\000e\000\040\000A\000r\000c\000h\000i\000t\000e\000c\000t\000u\000r\000e}{}% 30
\BOOKMARK [1][-]{section*.113}{\376\377\000D\000e\000v\000i\000c\000e\000\040\000A\000r\000c\000h\000i\000t\000e\000c\000t\000u\000r\000e}{chapter*.112}% 31
\BOOKMARK [1][-]{section*.117}{\376\377\000F\000a\000b\000r\000i\000c\000a\000t\000i\000o\000n\000\040\000M\000e\000t\000h\000o\000d\000s}{chapter*.112}% 32
\BOOKMARK [2][-]{subsection*.118}{\376\377\000P\000h\000y\000s\000i\000c\000a\000l\000\040\000V\000a\000p\000o\000r\000\040\000D\000e\000p\000o\000s\000i\000t\000i\000o\000n}{section*.117}% 33
\BOOKMARK [2][-]{subsection*.120}{\376\377\000C\000h\000e\000m\000i\000c\000a\000l\000\040\000V\000a\000p\000o\000r\000\040\000D\000e\000p\000o\000s\000i\000t\000i\000o\000n\000\040\000o\000f\000\040\000P\000a\000r\000y\000l\000e\000n\000e\000-\000N}{section*.117}% 34
\BOOKMARK [2][-]{subsection*.123}{\376\377\000S\000p\000i\000n\000\040\000C\000o\000a\000t\000i\000n\000g\000\040\000o\000f\000\040\000t\000h\000e\000\040\000P\000S\000\040\000P\000l\000a\000n\000a\000r\000i\000z\000a\000t\000i\000o\000n\000\040\000L\000a\000y\000e\000r}{section*.117}% 35
\BOOKMARK [1][-]{section*.125}{\376\377\000I\000m\000a\000g\000e\000s\000\040\000o\000f\000\040\000F\000a\000b\000r\000i\000c\000a\000t\000e\000d\000\040\000D\000e\000v\000i\000c\000e\000s}{chapter*.112}% 36
\BOOKMARK [0][-]{chapter*.127}{\376\377\000E\000x\000p\000e\000r\000i\000m\000e\000n\000t\000a\000l\000\040\000M\000e\000t\000h\000o\000d\000s\000\040\000a\000n\000d\000\040\000R\000e\000s\000u\000l\000t\000s}{}% 37
\BOOKMARK [1][-]{section*.128}{\376\377\000C\000u\000r\000r\000e\000n\000t\000-\000V\000o\000l\000t\000a\000g\000e\000\040\000C\000h\000a\000r\000a\000c\000t\000e\000r\000i\000s\000t\000i\000c\000s}{chapter*.127}% 38
\BOOKMARK [2][-]{subsection*.130}{\376\377\000I\000n\000s\000u\000l\000a\000t\000o\000r\000\040\000L\000e\000a\000k\000a\000g\000e\000\040\000C\000u\000r\000r\000e\000n\000t}{section*.128}% 39
\BOOKMARK [2][-]{subsection*.132}{\376\377\000T\000r\000a\000n\000s\000f\000e\000r\000\040\000C\000h\000a\000r\000a\000c\000t\000e\000r\000i\000s\000t\000i\000c}{section*.128}% 40
\BOOKMARK [2][-]{subsection*.135}{\376\377\000O\000u\000t\000p\000u\000t\000\040\000C\000h\000a\000r\000a\000c\000t\000e\000r\000i\000s\000t\000i\000c}{section*.128}% 41
\BOOKMARK [1][-]{section*.137}{\376\377\000G\000a\000t\000e\000d\000\040\000V\000a\000n\000-\000d\000e\000r\000-\000P\000a\000u\000w\000\040\000M\000e\000t\000h\000o\000d}{chapter*.127}% 42
\BOOKMARK [2][-]{subsection*.139}{\376\377\000E\000x\000t\000r\000a\000c\000t\000i\000o\000n\000\040\000o\000f\000\040\000I\000n\000t\000r\000i\000n\000s\000i\000c\000\040\000M\000o\000b\000i\000l\000i\000t\000y\000\040\000a\000n\000d\000\040\000T\000h\000r\000e\000s\000h\000o\000l\000d\000\040\000V\000o\000l\000t\000a\000g\000e}{section*.137}% 43
\BOOKMARK [2][-]{subsection*.143}{\376\377\000E\000x\000t\000r\000a\000c\000t\000i\000o\000n\000\040\000o\000f\000\040\000B\000a\000c\000k\000g\000r\000o\000u\000n\000d\000\040\000R\000e\000s\000i\000s\000t\000a\000n\000c\000e}{section*.137}% 44
\BOOKMARK [1][-]{section*.147}{\376\377\000A\000d\000d\000i\000t\000i\000o\000n\000a\000l\000\040\000E\000l\000e\000c\000t\000r\000i\000c\000a\000l\000\040\000M\000e\000a\000s\000u\000r\000e\000m\000e\000n\000t\000s}{chapter*.127}% 45
\BOOKMARK [2][-]{subsection*.148}{\376\377\000D\000e\000e\000p\000-\000l\000e\000v\000e\000l\000\040\000T\000r\000a\000n\000s\000i\000e\000n\000t\000\040\000S\000p\000e\000c\000t\000r\000o\000s\000c\000o\000p\000y}{section*.147}% 46
\BOOKMARK [2][-]{subsection*.154}{\376\377\000A\000m\000p\000l\000i\000f\000i\000c\000a\000t\000i\000o\000n\000\040\000P\000r\000o\000p\000e\000r\000t\000i\000e\000s\000\040\000A\000n\000a\000l\000y\000s\000i\000s}{section*.147}% 47
\BOOKMARK [0][-]{chapter*.158}{\376\377\000C\000o\000n\000c\000l\000u\000s\000i\000o\000n\000\040\000a\000n\000d\000\040\000S\000u\000m\000m\000a\000r\000y}{}% 48
\BOOKMARK [0][-]{chapter*.159}{\376\377\000C\000u\000r\000r\000e\000n\000t\040\023\000V\000o\000l\000t\000a\000g\000e\000\040\000R\000e\000l\000a\000t\000i\000o\000n\000s\000h\000i\000p\000\040\000o\000f\000\040\000F\000E\000T\000s\040\023\000M\000a\000t\000h\000e\000m\000a\000t\000i\000c\000a\000l\000\040\000D\000e\000r\000i\000v\000a\000t\000i\000o\000n}{}% 49
\BOOKMARK [0][-]{chapter*.173}{\376\377\000D\000e\000r\000i\000v\000a\000t\000i\000o\000n\000\040\000o\000f\000\040\000t\000h\000e\000\040\000G\000a\000t\000e\000d\000\040\000V\000a\000n\000-\000d\000e\000r\000-\000P\000a\000u\000w\000\040\000R\000e\000l\000a\000t\000i\000o\000n}{}% 50
\BOOKMARK [0][-]{chapter*.190}{\376\377\000N\000u\000m\000e\000r\000i\000c\000a\000l\000\040\000S\000i\000m\000u\000l\000a\000t\000i\000o\000n\000\040\000o\000f\000\040\000t\000h\000e\000\040\000V\000a\000n\000\040\000d\000e\000r\000\040\000P\000a\000u\000w\000\040\000C\000o\000n\000f\000i\000g\000u\000r\000a\000t\000i\000o\000n}{}% 51
\BOOKMARK [0][-]{section*.198}{\376\377\000B\000i\000b\000l\000i\000o\000g\000r\000a\000p\000h\000y}{}% 52
\BOOKMARK [0][-]{section*.200}{\376\377\000A\000c\000k\000n\000o\000w\000l\000e\000d\000g\000e\000m\000e\000n\000t}{}% 53
\BOOKMARK [0][-]{section*.201}{\376\377\000D\000e\000c\000l\000a\000r\000a\000t\000i\000o\000n\000\040\000o\000f\000\040\000A\000u\000t\000h\000o\000r\000s\000h\000i\000p}{}% 54
